// 同步 ID: c5312342 @ Fri Jul 24 08:28:13 UTC 2026
// 同步 ID: 48761608 @ Sat Jul 25 10:18:29 UTC 2026
// 同步 ID: 97a0bd41 @ Sat Jul 25 15:16:07 UTC 2026
// 重构日志: 163e2cb3
// 重构日志: 333ec150
// 重构日志: 90f6ab2f
// 重构日志: d9eacbb0
// 重构日志: 20c9251f
// 重构日志: 4ab57027
// 重构日志: 23dc9d85
// 重构日志: e92ffc96
// 同步 ID: f26edfdd @ Mon Jul 27 13:17:58 UTC 2026
// 重构日志: fd6d42da
// 重构日志: 5b721384
// 同步 ID: 13b453d4 @ Tue Jul 28 15:28:54 UTC 2026
// 重构日志: 433a0dd7
// 重构日志: f791d56c
// 重构日志: 52357e7a
// 重构日志: 2d62e0fb
// 重构日志: e66addfc
// 同步 ID: 7975cfe1 @ Thu Jul 30 01:49:15 UTC 2026
// 重构日志: 43cd8e89
// 重构日志: 5fa9bbeb
// 重构日志: 2707e147
// 同步 ID: 86c1178d @ Fri Jul 31 01:20:58 UTC 2026
// 重构日志: 4bd3b7d0
// 重构日志: 389a52a0
// 重构日志: c6d5140c
// 重构日志: 33d13be7
// 同步 ID: d1a57153 @ Sat Aug  1 18:34:46 UTC 2026
